// Jest Snapshot v1, https://goo.gl/fbAQLP

exports[`if matches snapshot 1`] = `
<DocumentFragment>
  <section
    class="col-md-4"
  >
    <div
      class="card"
    >
      <div
        class="card-body"
      >
        <h5
          class="font-weight-bold text-center card-title"
        >
          Snack Menu
        </h5>
        <p
          class="font-italic card-text"
        >
          Tasty Snacks
        </p>
        <ul
          class="list-group"
        >
          <a
            href="/snacks/nachos"
          >
            <li
              class="list-group-item"
            >
              Nachos
            </li>
          </a>
          <a
            href="/snacks/hummus"
          >
            <li
              class="list-group-item"
            >
              Hummus
            </li>
          </a>
          <a
            href="/snacks/arugula-and-walnut-salad"
          >
            <li
              class="list-group-item"
            >
              Arugula and Walnut Salad
            </li>
          </a>
        </ul>
        <a
          class="add-link"
          href="/snacks/add"
        >
          Add a new item
        </a>
      </div>
    </div>
  </section>
</DocumentFragment>
`;
